
> @italy-tours/web@0.1.0 build
> dotenv -e ../../infra/env/.env -- next build

   ▲ Next.js 15.4.11

   Creating an optimized production build ...
 ✓ Compiled successfully in 38.0s
   Linting and checking validity of types ...
   Collecting page data ...
   Generating static pages (0/148) ...
   Generating static pages (37/148) 
   Generating static pages (74/148) 
   Generating static pages (111/148) 
 ✓ Generating static pages (148/148)
   Finalizing page optimization ...
   Collecting build traces ...

Route (app)                                                              Size  First Load JS  Revalidate  Expire
┌ ƒ /                                                                   557 B         116 kB
├ ○ /_not-found                                                         136 B         101 kB
├ ƒ /[slug]                                                           10.8 kB         174 kB
├ ● /[slug]/[...rest]                                                 1.59 kB         161 kB
├   ├ /underground-colosseum/money%2Funderground-arena-floor-tour
├   ├ /underground-colosseum/money%2Fskip-the-line-colosseum-tickets
├   ├ /underground-colosseum/money%2Fprivate-vs-group-colosseum-tour
├   └ [+139 more paths]
├ ƒ /[slug]/icon                                                        136 B         101 kB
├ ƒ /about                                                             1.7 kB         113 kB
├ ƒ /affiliate-disclosure                                               558 B         112 kB
├ ƒ /blog                                                               549 B         112 kB
├ ƒ /blog/[slug]                                                        558 B         112 kB
├ ƒ /blog/category/[slug]                                               549 B         112 kB
├ ƒ /contact                                                            558 B         112 kB
├ ƒ /cookie-policy                                                      558 B         112 kB
├ ƒ /faq                                                                558 B         112 kB
├ ○ /icon                                                               136 B         101 kB
├ ○ /neighborhoods                                                      538 B         112 kB          1h      1y
├ ƒ /neighborhoods/[slug]                                               549 B         112 kB
├ ƒ /privacy                                                            558 B         112 kB
├ ○ /robots.txt                                                         136 B         101 kB
├ ƒ /sitemap.xml                                                        136 B         101 kB
├ ƒ /terms                                                              558 B         112 kB
├ ƒ /tours                                                              549 B         112 kB
├ ƒ /tours/[slug]                                                       558 B         112 kB
└ ƒ /tours/category/[slug]                                              549 B         112 kB
+ First Load JS shared by all                                          100 kB
  ├ chunks/312-811504381f2a251e.js                                    44.3 kB
  ├ chunks/aced40fe-808f78d823ae8b53.js                               54.1 kB
  └ other shared chunks (total)                                       1.99 kB


ƒ Middleware                                                          31.5 kB

○  (Static)   prerendered as static content
●  (SSG)      prerendered as static HTML (uses generateStaticParams)
ƒ  (Dynamic)  server-rendered on demand

